528年，尔朱荣以祭天为名，将北魏宗室、公卿百官两千余人诱至河阴（今河南孟津），以“天下丧乱，肃宗暴崩，皆因朝臣贪虐”为由，派骑兵包围屠杀。丞相元雍、司空元钦等宗室重臣及诸多汉化鲜卑贵族、汉族高门皆遇害，史称“河阴之变”。此举彻底摧毁了北魏中央统治集团，使尔朱荣完全掌控朝政。